Copying _swigfaiss.so
running install
/home/data/wangxuran/tmp/gts_p6_cagra_ivf_20261002/faiss_source_venv/lib/python3.12/site-packages/setuptools/_distutils/cmd.py:90: SetuptoolsDeprecationWarning: setup.py install is deprecated.
!!

        ********************************************************************************
        Please avoid running ``setup.py`` directly.
        Instead, use pypa/build, pypa/installer or other
        standards-based tools.

        This deprecation is overdue, please update your project and remove deprecated
        calls to avoid build errors in the future.

        See https://blog.ganssle.io/articles/2021/10/setup-py-deprecated.html for details.
        ********************************************************************************

!!
  self.initialize_options()
running build
running build_py
creating build/lib/faiss
copying faiss/loader.py -> build/lib/faiss
copying faiss/swigfaiss.py -> build/lib/faiss
copying faiss/array_conversions.py -> build/lib/faiss
copying faiss/__init__.py -> build/lib/faiss
copying faiss/gpu_wrappers.py -> build/lib/faiss
copying faiss/extra_wrappers.py -> build/lib/faiss
copying faiss/class_wrappers.py -> build/lib/faiss
creating build/lib/faiss/contrib
copying faiss/contrib/clustering.py -> build/lib/faiss/contrib
copying faiss/contrib/client_server.py -> build/lib/faiss/contrib
copying faiss/contrib/big_batch_search.py -> build/lib/faiss/contrib
copying faiss/contrib/datasets.py -> build/lib/faiss/contrib
copying faiss/contrib/vecs_io.py -> build/lib/faiss/contrib
copying faiss/contrib/rpc.py -> build/lib/faiss/contrib
copying faiss/contrib/ondisk.py -> build/lib/faiss/contrib
copying faiss/contrib/ivf_tools.py -> build/lib/faiss/contrib
copying faiss/contrib/evaluation.py -> build/lib/faiss/contrib
copying faiss/contrib/torch_utils.py -> build/lib/faiss/contrib
copying faiss/contrib/inspect_tools.py -> build/lib/faiss/contrib
copying faiss/contrib/exhaustive_search.py -> build/lib/faiss/contrib
copying faiss/contrib/__init__.py -> build/lib/faiss/contrib
copying faiss/contrib/factory_tools.py -> build/lib/faiss/contrib
creating build/lib/faiss/contrib/torch
copying faiss/contrib/torch/clustering.py -> build/lib/faiss/contrib/torch
copying faiss/contrib/torch/quantization.py -> build/lib/faiss/contrib/torch
copying faiss/contrib/torch/__init__.py -> build/lib/faiss/contrib/torch
copying faiss/__init__.pyi -> build/lib/faiss
copying faiss/py.typed -> build/lib/faiss
copying faiss/_swigfaiss.so -> build/lib/faiss
running install_lib
creating /home/data/wangxuran/tmp/gts_p6_cagra_ivf_20261002/faiss_source_venv/lib/python3.12/site-packages/faiss
copying build/lib/faiss/loader.py -> /home/data/wangxuran/tmp/gts_p6_cagra_ivf_20261002/faiss_source_venv/lib/python3.12/site-packages/faiss
copying build/lib/faiss/swigfaiss.py -> /home/data/wangxuran/tmp/gts_p6_cagra_ivf_20261002/faiss_source_venv/lib/python3.12/site-packages/faiss
copying build/lib/faiss/array_conversions.py -> /home/data/wangxuran/tmp/gts_p6_cagra_ivf_20261002/faiss_source_venv/lib/python3.12/site-packages/faiss
copying build/lib/faiss/_swigfaiss.so -> /home/data/wangxuran/tmp/gts_p6_cagra_ivf_20261002/faiss_source_venv/lib/python3.12/site-packages/faiss
copying build/lib/faiss/py.typed -> /home/data/wangxuran/tmp/gts_p6_cagra_ivf_20261002/faiss_source_venv/lib/python3.12/site-packages/faiss
copying build/lib/faiss/__init__.pyi -> /home/data/wangxuran/tmp/gts_p6_cagra_ivf_20261002/faiss_source_venv/lib/python3.12/site-packages/faiss
copying build/lib/faiss/__init__.py -> /home/data/wangxuran/tmp/gts_p6_cagra_ivf_20261002/faiss_source_venv/lib/python3.12/site-packages/faiss
creating /home/data/wangxuran/tmp/gts_p6_cagra_ivf_20261002/faiss_source_venv/lib/python3.12/site-packages/faiss/contrib
copying build/lib/faiss/contrib/clustering.py -> /home/data/wangxuran/tmp/gts_p6_cagra_ivf_20261002/faiss_source_venv/lib/python3.12/site-packages/faiss/contrib
copying build/lib/faiss/contrib/client_server.py -> /home/data/wangxuran/tmp/gts_p6_cagra_ivf_20261002/faiss_source_venv/lib/python3.12/site-packages/faiss/contrib
copying build/lib/faiss/contrib/big_batch_search.py -> /home/data/wangxuran/tmp/gts_p6_cagra_ivf_20261002/faiss_source_venv/lib/python3.12/site-packages/faiss/contrib
copying build/lib/faiss/contrib/datasets.py -> /home/data/wangxuran/tmp/gts_p6_cagra_ivf_20261002/faiss_source_venv/lib/python3.12/site-packages/faiss/contrib
copying build/lib/faiss/contrib/vecs_io.py -> /home/data/wangxuran/tmp/gts_p6_cagra_ivf_20261002/faiss_source_venv/lib/python3.12/site-packages/faiss/contrib
copying build/lib/faiss/contrib/rpc.py -> /home/data/wangxuran/tmp/gts_p6_cagra_ivf_20261002/faiss_source_venv/lib/python3.12/site-packages/faiss/contrib
copying build/lib/faiss/contrib/ondisk.py -> /home/data/wangxuran/tmp/gts_p6_cagra_ivf_20261002/faiss_source_venv/lib/python3.12/site-packages/faiss/contrib
copying build/lib/faiss/contrib/ivf_tools.py -> /home/data/wangxuran/tmp/gts_p6_cagra_ivf_20261002/faiss_source_venv/lib/python3.12/site-packages/faiss/contrib
copying build/lib/faiss/contrib/evaluation.py -> /home/data/wangxuran/tmp/gts_p6_cagra_ivf_20261002/faiss_source_venv/lib/python3.12/site-packages/faiss/contrib
copying build/lib/faiss/contrib/torch_utils.py -> /home/data/wangxuran/tmp/gts_p6_cagra_ivf_20261002/faiss_source_venv/lib/python3.12/site-packages/faiss/contrib
creating /home/data/wangxuran/tmp/gts_p6_cagra_ivf_20261002/faiss_source_venv/lib/python3.12/site-packages/faiss/contrib/torch
copying build/lib/faiss/contrib/torch/clustering.py -> /home/data/wangxuran/tmp/gts_p6_cagra_ivf_20261002/faiss_source_venv/lib/python3.12/site-packages/faiss/contrib/torch
copying build/lib/faiss/contrib/torch/quantization.py -> /home/data/wangxuran/tmp/gts_p6_cagra_ivf_20261002/faiss_source_venv/lib/python3.12/site-packages/faiss/contrib/torch
copying build/lib/faiss/contrib/torch/__init__.py -> /home/data/wangxuran/tmp/gts_p6_cagra_ivf_20261002/faiss_source_venv/lib/python3.12/site-packages/faiss/contrib/torch
copying build/lib/faiss/contrib/inspect_tools.py -> /home/data/wangxuran/tmp/gts_p6_cagra_ivf_20261002/faiss_source_venv/lib/python3.12/site-packages/faiss/contrib
copying build/lib/faiss/contrib/exhaustive_search.py -> /home/data/wangxuran/tmp/gts_p6_cagra_ivf_20261002/faiss_source_venv/lib/python3.12/site-packages/faiss/contrib
copying build/lib/faiss/contrib/__init__.py -> /home/data/wangxuran/tmp/gts_p6_cagra_ivf_20261002/faiss_source_venv/lib/python3.12/site-packages/faiss/contrib
copying build/lib/faiss/contrib/factory_tools.py -> /home/data/wangxuran/tmp/gts_p6_cagra_ivf_20261002/faiss_source_venv/lib/python3.12/site-packages/faiss/contrib
copying build/lib/faiss/gpu_wrappers.py -> /home/data/wangxuran/tmp/gts_p6_cagra_ivf_20261002/faiss_source_venv/lib/python3.12/site-packages/faiss
copying build/lib/faiss/extra_wrappers.py -> /home/data/wangxuran/tmp/gts_p6_cagra_ivf_20261002/faiss_source_venv/lib/python3.12/site-packages/faiss
copying build/lib/faiss/class_wrappers.py -> /home/data/wangxuran/tmp/gts_p6_cagra_ivf_20261002/faiss_source_venv/lib/python3.12/site-packages/faiss
byte-compiling /home/data/wangxuran/tmp/gts_p6_cagra_ivf_20261002/faiss_source_venv/lib/python3.12/site-packages/faiss/loader.py to loader.cpython-312.pyc
byte-compiling /home/data/wangxuran/tmp/gts_p6_cagra_ivf_20261002/faiss_source_venv/lib/python3.12/site-packages/faiss/swigfaiss.py to swigfaiss.cpython-312.pyc
byte-compiling /home/data/wangxuran/tmp/gts_p6_cagra_ivf_20261002/faiss_source_venv/lib/python3.12/site-packages/faiss/array_conversions.py to array_conversions.cpython-312.pyc
byte-compiling /home/data/wangxuran/tmp/gts_p6_cagra_ivf_20261002/faiss_source_venv/lib/python3.12/site-packages/faiss/__init__.py to __init__.cpython-312.pyc
byte-compiling /home/data/wangxuran/tmp/gts_p6_cagra_ivf_20261002/faiss_source_venv/lib/python3.12/site-packages/faiss/contrib/clustering.py to clustering.cpython-312.pyc
byte-compiling /home/data/wangxuran/tmp/gts_p6_cagra_ivf_20261002/faiss_source_venv/lib/python3.12/site-packages/faiss/contrib/client_server.py to client_server.cpython-312.pyc
byte-compiling /home/data/wangxuran/tmp/gts_p6_cagra_ivf_20261002/faiss_source_venv/lib/python3.12/site-packages/faiss/contrib/big_batch_search.py to big_batch_search.cpython-312.pyc
byte-compiling /home/data/wangxuran/tmp/gts_p6_cagra_ivf_20261002/faiss_source_venv/lib/python3.12/site-packages/faiss/contrib/datasets.py to datasets.cpython-312.pyc
byte-compiling /home/data/wangxuran/tmp/gts_p6_cagra_ivf_20261002/faiss_source_venv/lib/python3.12/site-packages/faiss/contrib/vecs_io.py to vecs_io.cpython-312.pyc
byte-compiling /home/data/wangxuran/tmp/gts_p6_cagra_ivf_20261002/faiss_source_venv/lib/python3.12/site-packages/faiss/contrib/rpc.py to rpc.cpython-312.pyc
byte-compiling /home/data/wangxuran/tmp/gts_p6_cagra_ivf_20261002/faiss_source_venv/lib/python3.12/site-packages/faiss/contrib/ondisk.py to ondisk.cpython-312.pyc
byte-compiling /home/data/wangxuran/tmp/gts_p6_cagra_ivf_20261002/faiss_source_venv/lib/python3.12/site-packages/faiss/contrib/ivf_tools.py to ivf_tools.cpython-312.pyc
byte-compiling /home/data/wangxuran/tmp/gts_p6_cagra_ivf_20261002/faiss_source_venv/lib/python3.12/site-packages/faiss/contrib/evaluation.py to evaluation.cpython-312.pyc
byte-compiling /home/data/wangxuran/tmp/gts_p6_cagra_ivf_20261002/faiss_source_venv/lib/python3.12/site-packages/faiss/contrib/torch_utils.py to torch_utils.cpython-312.pyc
byte-compiling /home/data/wangxuran/tmp/gts_p6_cagra_ivf_20261002/faiss_source_venv/lib/python3.12/site-packages/faiss/contrib/torch/clustering.py to clustering.cpython-312.pyc
byte-compiling /home/data/wangxuran/tmp/gts_p6_cagra_ivf_20261002/faiss_source_venv/lib/python3.12/site-packages/faiss/contrib/torch/quantization.py to quantization.cpython-312.pyc
byte-compiling /home/data/wangxuran/tmp/gts_p6_cagra_ivf_20261002/faiss_source_venv/lib/python3.12/site-packages/faiss/contrib/torch/__init__.py to __init__.cpython-312.pyc
byte-compiling /home/data/wangxuran/tmp/gts_p6_cagra_ivf_20261002/faiss_source_venv/lib/python3.12/site-packages/faiss/contrib/inspect_tools.py to inspect_tools.cpython-312.pyc
byte-compiling /home/data/wangxuran/tmp/gts_p6_cagra_ivf_20261002/faiss_source_venv/lib/python3.12/site-packages/faiss/contrib/exhaustive_search.py to exhaustive_search.cpython-312.pyc
byte-compiling /home/data/wangxuran/tmp/gts_p6_cagra_ivf_20261002/faiss_source_venv/lib/python3.12/site-packages/faiss/contrib/__init__.py to __init__.cpython-312.pyc
byte-compiling /home/data/wangxuran/tmp/gts_p6_cagra_ivf_20261002/faiss_source_venv/lib/python3.12/site-packages/faiss/contrib/factory_tools.py to factory_tools.cpython-312.pyc
byte-compiling /home/data/wangxuran/tmp/gts_p6_cagra_ivf_20261002/faiss_source_venv/lib/python3.12/site-packages/faiss/gpu_wrappers.py to gpu_wrappers.cpython-312.pyc
byte-compiling /home/data/wangxuran/tmp/gts_p6_cagra_ivf_20261002/faiss_source_venv/lib/python3.12/site-packages/faiss/extra_wrappers.py to extra_wrappers.cpython-312.pyc
byte-compiling /home/data/wangxuran/tmp/gts_p6_cagra_ivf_20261002/faiss_source_venv/lib/python3.12/site-packages/faiss/class_wrappers.py to class_wrappers.cpython-312.pyc
running install_egg_info
running egg_info
creating faiss.egg-info
writing faiss.egg-info/PKG-INFO
writing dependency_links to faiss.egg-info/dependency_links.txt
writing requirements to faiss.egg-info/requires.txt
writing top-level names to faiss.egg-info/top_level.txt
writing manifest file 'faiss.egg-info/SOURCES.txt'
reading manifest file 'faiss.egg-info/SOURCES.txt'
writing manifest file 'faiss.egg-info/SOURCES.txt'
Copying faiss.egg-info to /home/data/wangxuran/tmp/gts_p6_cagra_ivf_20261002/faiss_source_venv/lib/python3.12/site-packages/faiss-1.15.1-py3.12.egg-info
running install_scripts
