-- The CXX compiler identification is GNU 13.3.0
-- The CUDA compiler identification is NVIDIA 13.1.115
-- Detecting CXX compiler ABI info
-- Detecting CXX compiler ABI info - done
-- Check for working CXX compiler: /usr/bin/c++ - skipped
-- Detecting CXX compile features
-- Detecting CXX compile features - done
-- Detecting CUDA compiler ABI info
-- Detecting CUDA compiler ABI info - done
-- Check for working CUDA compiler: /usr/local/cuda/bin/nvcc - skipped
-- Detecting CUDA compile features
-- Detecting CUDA compile features - done
-- Performing Test COMPILER_SUPPORTS_BMI2
-- Performing Test COMPILER_SUPPORTS_BMI2 - Success
-- Found OpenMP_CXX: -fopenmp (found version "4.5") 
-- Found OpenMP: TRUE (found version "4.5")  
-- Performing Test CMAKE_HAVE_LIBC_PTHREAD
-- Performing Test CMAKE_HAVE_LIBC_PTHREAD - Success
-- Found Threads: TRUE  
-- Could NOT find MKL (missing: MKL_LIBRARIES) 
-- Looking for sgemm_
-- Looking for sgemm_ - not found
-- Looking for sgemm_
-- Looking for sgemm_ - found
-- Found BLAS: /usr/lib/x86_64-linux-gnu/libopenblas.so  
-- Looking for cheev_
-- Looking for cheev_ - found
-- Found LAPACK: /usr/lib/x86_64-linux-gnu/libopenblas.so;-lm;-ldl  
-- Found CUDAToolkit: /usr/local/cuda/targets/x86_64-linux/include (found version "13.1.115") 
-- Found SWIG: /home/data/wangxuran/tmp/gts_p6_cagra_ivf_20261002/faiss_venv/bin/swig (found version "4.3.1") found components: python 
-- Found Python: /usr/include/python3.12 (found version "3.12.3") found components: Development.Module NumPy Interpreter 
-- Configuring done (4.1s)
-- Generating done (0.2s)
-- Build files have been written to: /home/data/wangxuran/tmp/gts_p6_cagra_ivf_20261002/faiss_build
