{"gpu": "$SELECTED_GPU_UUID", "command": ["numactl", "--cpunodebind=3", "--membind=3", "$FAISS_ENV_ROOT/bin/python", "$REMOTE_ROOT/native_ivf.py", "oracle", "--data", "$DATA_ROOT/GIST/1000000/fixtures/data.f32bin", "--qids", "$REMOTE_ROOT/fixtures/GIST_dev128.qid", "--out", "$REMOTE_ROOT/oracle_GIST_dev128.json"], "binary_sha256": "1643dacd9feaedc58f3cc581e4d22577dfe25c09b10282936186ccf0f2e61118", "exit_code": 0, "stop_reason": null, "wall_s": 5.980140461004339, "runtime_valid": true}
PASS oracle_GIST_dev128
{"gpu": "$SELECTED_GPU_UUID", "command": ["numactl", "--cpunodebind=3", "--membind=3", "$FAISS_ENV_ROOT/bin/python", "$REMOTE_ROOT/native_ivf.py", "oracle", "--data", "$DATA_ROOT/Deep/1000000/fixtures/data.f32bin", "--qids", "$REMOTE_ROOT/fixtures/Deep_dev128.qid", "--out", "$REMOTE_ROOT/oracle_Deep_dev128.json"], "binary_sha256": "1643dacd9feaedc58f3cc581e4d22577dfe25c09b10282936186ccf0f2e61118", "exit_code": 0, "stop_reason": null, "wall_s": 1.7363036969909444, "runtime_valid": true}
PASS oracle_Deep_dev128
{"gpu": "$SELECTED_GPU_UUID", "command": ["numactl", "--cpunodebind=3", "--membind=3", "$REMOTE_ROOT/gts_bench", "$DATA_ROOT/GIST/1000000/fixtures/data.f32bin", "$REMOTE_ROOT/fixtures/GIST_dev128.qid", "8", "1", "2", "$REMOTE_ROOT/GIST.index", "dev_gts_GIST_k8_b1", "2"], "binary_sha256": "2871b26adf8b1109795291ffb0ff8645390365d89a20ec41ac3d6a239a27043c", "exit_code": 0, "stop_reason": null, "wall_s": 120.0671007540077, "runtime_valid": true}
PASS dev_gts_GIST_k8_b1
{"gpu": "$SELECTED_GPU_UUID", "command": ["numactl", "--cpunodebind=3", "--membind=3", "$REMOTE_ROOT/gts_bench", "$DATA_ROOT/GIST/1000000/fixtures/data.f32bin", "$REMOTE_ROOT/fixtures/GIST_dev128.qid", "8", "32", "2", "$REMOTE_ROOT/GIST.index", "dev_gts_GIST_k8_b32", "2"], "binary_sha256": "2871b26adf8b1109795291ffb0ff8645390365d89a20ec41ac3d6a239a27043c", "exit_code": 0, "stop_reason": null, "wall_s": 102.85357105103321, "runtime_valid": true}
PASS dev_gts_GIST_k8_b32
{"gpu": "$SELECTED_GPU_UUID", "command": ["numactl", "--cpunodebind=3", "--membind=3", "$REMOTE_ROOT/gts_bench", "$DATA_ROOT/GIST/1000000/fixtures/data.f32bin", "$REMOTE_ROOT/fixtures/GIST_dev128.qid", "32", "1", "2", "$REMOTE_ROOT/GIST.index", "dev_gts_GIST_k32_b1", "2"], "binary_sha256": "2871b26adf8b1109795291ffb0ff8645390365d89a20ec41ac3d6a239a27043c", "exit_code": 0, "stop_reason": null, "wall_s": 94.0501538659446, "runtime_valid": true}
PASS dev_gts_GIST_k32_b1
{"gpu": "$SELECTED_GPU_UUID", "command": ["numactl", "--cpunodebind=3", "--membind=3", "$REMOTE_ROOT/gts_bench", "$DATA_ROOT/GIST/1000000/fixtures/data.f32bin", "$REMOTE_ROOT/fixtures/GIST_dev128.qid", "32", "32", "2", "$REMOTE_ROOT/GIST.index", "dev_gts_GIST_k32_b32", "2"], "binary_sha256": "2871b26adf8b1109795291ffb0ff8645390365d89a20ec41ac3d6a239a27043c", "exit_code": 0, "stop_reason": null, "wall_s": 103.8883726100903, "runtime_valid": true}
PASS dev_gts_GIST_k32_b32
{"gpu": "$SELECTED_GPU_UUID", "command": ["numactl", "--cpunodebind=3", "--membind=3", "$FAISS_ENV_ROOT/bin/python", "$REMOTE_ROOT/native_ivf.py", "faiss", "--data", "$DATA_ROOT/GIST/1000000/fixtures/data.f32bin", "--qids", "$REMOTE_ROOT/fixtures/GIST_dev128.qid", "--reference", "$REMOTE_ROOT/oracle_GIST_dev128.json", "--configs", "$REMOTE_ROOT/development_configs.json", "--repeats", "2", "--out", "$REMOTE_ROOT/dev_ivf_GIST.json"], "binary_sha256": "1643dacd9feaedc58f3cc581e4d22577dfe25c09b10282936186ccf0f2e61118", "exit_code": 1, "stop_reason": null, "wall_s": 5.126672163023613, "runtime_valid": false}
Traceback (most recent call last):
  File "$REMOTE_ROOT/campaign.py", line 152, in <module>
    if __name__=='__main__':main()
                            ^^^^^^
  File "$REMOTE_ROOT/campaign.py", line 106, in main
    run(label,[a.python,ROOT/'native_ivf.py','faiss','--data',data,'--qids',qids,
  File "$REMOTE_ROOT/campaign.py", line 30, in run
    subprocess.run([sys.executable,str(ROOT/'run_locked.py'),'--gpu',a.gpu,
  File "/usr/lib/python3.12/subprocess.py", line 571, in run
    raise CalledProcessError(retcode, process.args,
subprocess.CalledProcessError: Command '['/usr/bin/python3', '$REMOTE_ROOT/run_locked.py', '--gpu', '$SELECTED_GPU_UUID', '--output', '$REMOTE_ROOT/runs/dev_ivf_GIST', '--', '$FAISS_ENV_ROOT/bin/python', '$REMOTE_ROOT/native_ivf.py', 'faiss', '--data', '$DATA_ROOT/GIST/1000000/fixtures/data.f32bin', '--qids', '$REMOTE_ROOT/fixtures/GIST_dev128.qid', '--reference', '$REMOTE_ROOT/oracle_GIST_dev128.json', '--configs', '$REMOTE_ROOT/development_configs.json', '--repeats', '2', '--out', '$REMOTE_ROOT/dev_ivf_GIST.json']' returned non-zero exit status 1.
