{"gpu": "$SELECTED_GPU_UUID", "command": ["numactl", "--cpunodebind=3", "--membind=3", "$FAISS_ENV_ROOT/bin/python", "$REMOTE_ROOT/native_ivf.py", "oracle", "--data", "$DATA_ROOT/GIST/1000000/fixtures/data.f32bin", "--qids", "$REMOTE_ROOT/fixtures/GIST_final256.qid", "--out", "$REMOTE_ROOT/oracle_GIST_final256.json"], "binary_sha256": "1643dacd9feaedc58f3cc581e4d22577dfe25c09b10282936186ccf0f2e61118", "exit_code": 0, "stop_reason": null, "wall_s": 7.379011527984403, "runtime_valid": true}
PASS oracle_GIST_final256
{"gpu": "$SELECTED_GPU_UUID", "command": ["numactl", "--cpunodebind=3", "--membind=3", "$FAISS_ENV_ROOT/bin/python", "$REMOTE_ROOT/native_ivf.py", "oracle", "--data", "$DATA_ROOT/Deep/1000000/fixtures/data.f32bin", "--qids", "$REMOTE_ROOT/fixtures/Deep_final256.qid", "--out", "$REMOTE_ROOT/oracle_Deep_final256.json"], "binary_sha256": "1643dacd9feaedc58f3cc581e4d22577dfe25c09b10282936186ccf0f2e61118", "exit_code": 0, "stop_reason": null, "wall_s": 2.494690650026314, "runtime_valid": true}
PASS oracle_Deep_final256
{"gpu": "$SELECTED_GPU_UUID", "command": ["numactl", "--cpunodebind=3", "--membind=3", "$REMOTE_ROOT/gts_bench", "$DATA_ROOT/GIST/1000000/fixtures/data.f32bin", "$REMOTE_ROOT/fixtures/GIST_final256.qid", "8", "1", "1", "$REMOTE_ROOT/GIST.index", "formal_r1_gts_GIST_k8_b1", "2"], "binary_sha256": "2871b26adf8b1109795291ffb0ff8645390365d89a20ec41ac3d6a239a27043c", "exit_code": 0, "stop_reason": null, "wall_s": 95.23088664002717, "runtime_valid": true}
PASS formal_r1_gts_GIST_k8_b1
{"gpu": "$SELECTED_GPU_UUID", "command": ["numactl", "--cpunodebind=3", "--membind=3", "$REMOTE_ROOT/gts_bench", "$DATA_ROOT/GIST/1000000/fixtures/data.f32bin", "$REMOTE_ROOT/fixtures/GIST_final256.qid", "8", "32", "1", "$REMOTE_ROOT/GIST.index", "formal_r1_gts_GIST_k8_b32", "2"], "binary_sha256": "2871b26adf8b1109795291ffb0ff8645390365d89a20ec41ac3d6a239a27043c", "exit_code": 0, "stop_reason": null, "wall_s": 101.67139990499709, "runtime_valid": true}
PASS formal_r1_gts_GIST_k8_b32
{"gpu": "$SELECTED_GPU_UUID", "command": ["numactl", "--cpunodebind=3", "--membind=3", "$REMOTE_ROOT/gts_bench", "$DATA_ROOT/GIST/1000000/fixtures/data.f32bin", "$REMOTE_ROOT/fixtures/GIST_final256.qid", "32", "1", "1", "$REMOTE_ROOT/GIST.index", "formal_r1_gts_GIST_k32_b1", "2"], "binary_sha256": "2871b26adf8b1109795291ffb0ff8645390365d89a20ec41ac3d6a239a27043c", "exit_code": 0, "stop_reason": null, "wall_s": 93.61750416597351, "runtime_valid": true}
PASS formal_r1_gts_GIST_k32_b1
{"gpu": "$SELECTED_GPU_UUID", "command": ["numactl", "--cpunodebind=3", "--membind=3", "$REMOTE_ROOT/gts_bench", "$DATA_ROOT/GIST/1000000/fixtures/data.f32bin", "$REMOTE_ROOT/fixtures/GIST_final256.qid", "32", "32", "1", "$REMOTE_ROOT/GIST.index", "formal_r1_gts_GIST_k32_b32", "2"], "binary_sha256": "2871b26adf8b1109795291ffb0ff8645390365d89a20ec41ac3d6a239a27043c", "exit_code": 0, "stop_reason": null, "wall_s": 102.63810204796027, "runtime_valid": true}
PASS formal_r1_gts_GIST_k32_b32
{"gpu": "$SELECTED_GPU_UUID", "command": ["numactl", "--cpunodebind=3", "--membind=3", "$FAISS_ENV_ROOT/bin/python", "$REMOTE_ROOT/native_ivf.py", "faiss", "--data", "$DATA_ROOT/GIST/1000000/fixtures/data.f32bin", "--qids", "$REMOTE_ROOT/fixtures/GIST_final256.qid", "--reference", "$REMOTE_ROOT/oracle_GIST_final256.json", "--configs", "$REMOTE_ROOT/formal_r1_GIST_configs.json", "--out", "$REMOTE_ROOT/formal_r1_ivf_GIST.json"], "binary_sha256": "1643dacd9feaedc58f3cc581e4d22577dfe25c09b10282936186ccf0f2e61118", "exit_code": 0, "stop_reason": null, "wall_s": 11.702373012900352, "runtime_valid": true}
PASS formal_r1_ivf_GIST
{"gpu": "$SELECTED_GPU_UUID", "command": ["numactl", "--cpunodebind=3", "--membind=3", "$REMOTE_ROOT/gts_bench", "$DATA_ROOT/Deep/1000000/fixtures/data.f32bin", "$REMOTE_ROOT/fixtures/Deep_final256.qid", "8", "1", "1", "$REMOTE_ROOT/Deep.index", "formal_r1_gts_Deep_k8_b1", "2"], "binary_sha256": "2871b26adf8b1109795291ffb0ff8645390365d89a20ec41ac3d6a239a27043c", "exit_code": 0, "stop_reason": null, "wall_s": 11.99475488299504, "runtime_valid": true}
PASS formal_r1_gts_Deep_k8_b1
{"gpu": "$SELECTED_GPU_UUID", "command": ["numactl", "--cpunodebind=3", "--membind=3", "$REMOTE_ROOT/gts_bench", "$DATA_ROOT/Deep/1000000/fixtures/data.f32bin", "$REMOTE_ROOT/fixtures/Deep_final256.qid", "8", "32", "1", "$REMOTE_ROOT/Deep.index", "formal_r1_gts_Deep_k8_b32", "2"], "binary_sha256": "2871b26adf8b1109795291ffb0ff8645390365d89a20ec41ac3d6a239a27043c", "exit_code": 0, "stop_reason": null, "wall_s": 11.54079170001205, "runtime_valid": true}
PASS formal_r1_gts_Deep_k8_b32
{"gpu": "$SELECTED_GPU_UUID", "command": ["numactl", "--cpunodebind=3", "--membind=3", "$REMOTE_ROOT/gts_bench", "$DATA_ROOT/Deep/1000000/fixtures/data.f32bin", "$REMOTE_ROOT/fixtures/Deep_final256.qid", "32", "1", "1", "$REMOTE_ROOT/Deep.index", "formal_r1_gts_Deep_k32_b1", "2"], "binary_sha256": "2871b26adf8b1109795291ffb0ff8645390365d89a20ec41ac3d6a239a27043c", "exit_code": 0, "stop_reason": null, "wall_s": 11.972652264987119, "runtime_valid": true}
PASS formal_r1_gts_Deep_k32_b1
{"gpu": "$SELECTED_GPU_UUID", "command": ["numactl", "--cpunodebind=3", "--membind=3", "$REMOTE_ROOT/gts_bench", "$DATA_ROOT/Deep/1000000/fixtures/data.f32bin", "$REMOTE_ROOT/fixtures/Deep_final256.qid", "32", "32", "1", "$REMOTE_ROOT/Deep.index", "formal_r1_gts_Deep_k32_b32", "2"], "binary_sha256": "2871b26adf8b1109795291ffb0ff8645390365d89a20ec41ac3d6a239a27043c", "exit_code": 0, "stop_reason": null, "wall_s": 11.9713302210439, "runtime_valid": true}
PASS formal_r1_gts_Deep_k32_b32
{"gpu": "$SELECTED_GPU_UUID", "command": ["numactl", "--cpunodebind=3", "--membind=3", "$FAISS_ENV_ROOT/bin/python", "$REMOTE_ROOT/native_ivf.py", "faiss", "--data", "$DATA_ROOT/Deep/1000000/fixtures/data.f32bin", "--qids", "$REMOTE_ROOT/fixtures/Deep_final256.qid", "--reference", "$REMOTE_ROOT/oracle_Deep_final256.json", "--configs", "$REMOTE_ROOT/formal_r1_Deep_configs.json", "--out", "$REMOTE_ROOT/formal_r1_ivf_Deep.json"], "binary_sha256": "1643dacd9feaedc58f3cc581e4d22577dfe25c09b10282936186ccf0f2e61118", "exit_code": 0, "stop_reason": null, "wall_s": 3.7274104199605063, "runtime_valid": true}
PASS formal_r1_ivf_Deep
{"gpu": "$SELECTED_GPU_UUID", "command": ["numactl", "--cpunodebind=3", "--membind=3", "$FAISS_ENV_ROOT/bin/python", "$REMOTE_ROOT/native_ivf.py", "faiss", "--data", "$DATA_ROOT/Deep/1000000/fixtures/data.f32bin", "--qids", "$REMOTE_ROOT/fixtures/Deep_final256.qid", "--reference", "$REMOTE_ROOT/oracle_Deep_final256.json", "--configs", "$REMOTE_ROOT/formal_r2_Deep_configs.json", "--out", "$REMOTE_ROOT/formal_r2_ivf_Deep.json"], "binary_sha256": "1643dacd9feaedc58f3cc581e4d22577dfe25c09b10282936186ccf0f2e61118", "exit_code": 0, "stop_reason": null, "wall_s": 3.7317627749871463, "runtime_valid": true}
PASS formal_r2_ivf_Deep
{"gpu": "$SELECTED_GPU_UUID", "command": ["numactl", "--cpunodebind=3", "--membind=3", "$REMOTE_ROOT/gts_bench", "$DATA_ROOT/Deep/1000000/fixtures/data.f32bin", "$REMOTE_ROOT/fixtures/Deep_final256.qid", "32", "32", "1", "$REMOTE_ROOT/Deep.index", "formal_r2_gts_Deep_k32_b32", "2"], "binary_sha256": "2871b26adf8b1109795291ffb0ff8645390365d89a20ec41ac3d6a239a27043c", "exit_code": 0, "stop_reason": null, "wall_s": 11.959266977966763, "runtime_valid": true}
PASS formal_r2_gts_Deep_k32_b32
{"gpu": "$SELECTED_GPU_UUID", "command": ["numactl", "--cpunodebind=3", "--membind=3", "$REMOTE_ROOT/gts_bench", "$DATA_ROOT/Deep/1000000/fixtures/data.f32bin", "$REMOTE_ROOT/fixtures/Deep_final256.qid", "32", "1", "1", "$REMOTE_ROOT/Deep.index", "formal_r2_gts_Deep_k32_b1", "2"], "binary_sha256": "2871b26adf8b1109795291ffb0ff8645390365d89a20ec41ac3d6a239a27043c", "exit_code": 0, "stop_reason": null, "wall_s": 11.995286262012087, "runtime_valid": true}
PASS formal_r2_gts_Deep_k32_b1
{"gpu": "$SELECTED_GPU_UUID", "command": ["numactl", "--cpunodebind=3", "--membind=3", "$REMOTE_ROOT/gts_bench", "$DATA_ROOT/Deep/1000000/fixtures/data.f32bin", "$REMOTE_ROOT/fixtures/Deep_final256.qid", "8", "32", "1", "$REMOTE_ROOT/Deep.index", "formal_r2_gts_Deep_k8_b32", "2"], "binary_sha256": "2871b26adf8b1109795291ffb0ff8645390365d89a20ec41ac3d6a239a27043c", "exit_code": 0, "stop_reason": null, "wall_s": 11.564424165058881, "runtime_valid": true}
PASS formal_r2_gts_Deep_k8_b32
{"gpu": "$SELECTED_GPU_UUID", "command": ["numactl", "--cpunodebind=3", "--membind=3", "$REMOTE_ROOT/gts_bench", "$DATA_ROOT/Deep/1000000/fixtures/data.f32bin", "$REMOTE_ROOT/fixtures/Deep_final256.qid", "8", "1", "1", "$REMOTE_ROOT/Deep.index", "formal_r2_gts_Deep_k8_b1", "2"], "binary_sha256": "2871b26adf8b1109795291ffb0ff8645390365d89a20ec41ac3d6a239a27043c", "exit_code": 0, "stop_reason": null, "wall_s": 11.556518043973483, "runtime_valid": true}
PASS formal_r2_gts_Deep_k8_b1
{"gpu": "$SELECTED_GPU_UUID", "command": ["numactl", "--cpunodebind=3", "--membind=3", "$FAISS_ENV_ROOT/bin/python", "$REMOTE_ROOT/native_ivf.py", "faiss", "--data", "$DATA_ROOT/GIST/1000000/fixtures/data.f32bin", "--qids", "$REMOTE_ROOT/fixtures/GIST_final256.qid", "--reference", "$REMOTE_ROOT/oracle_GIST_final256.json", "--configs", "$REMOTE_ROOT/formal_r2_GIST_configs.json", "--out", "$REMOTE_ROOT/formal_r2_ivf_GIST.json"], "binary_sha256": "1643dacd9feaedc58f3cc581e4d22577dfe25c09b10282936186ccf0f2e61118", "exit_code": 0, "stop_reason": null, "wall_s": 11.319884937955067, "runtime_valid": true}
PASS formal_r2_ivf_GIST
{"gpu": "$SELECTED_GPU_UUID", "command": ["numactl", "--cpunodebind=3", "--membind=3", "$REMOTE_ROOT/gts_bench", "$DATA_ROOT/GIST/1000000/fixtures/data.f32bin", "$REMOTE_ROOT/fixtures/GIST_final256.qid", "32", "32", "1", "$REMOTE_ROOT/GIST.index", "formal_r2_gts_GIST_k32_b32", "2"], "binary_sha256": "2871b26adf8b1109795291ffb0ff8645390365d89a20ec41ac3d6a239a27043c", "exit_code": 0, "stop_reason": null, "wall_s": 102.48630369605962, "runtime_valid": true}
PASS formal_r2_gts_GIST_k32_b32
{"gpu": "$SELECTED_GPU_UUID", "command": ["numactl", "--cpunodebind=3", "--membind=3", "$REMOTE_ROOT/gts_bench", "$DATA_ROOT/GIST/1000000/fixtures/data.f32bin", "$REMOTE_ROOT/fixtures/GIST_final256.qid", "32", "1", "1", "$REMOTE_ROOT/GIST.index", "formal_r2_gts_GIST_k32_b1", "2"], "binary_sha256": "2871b26adf8b1109795291ffb0ff8645390365d89a20ec41ac3d6a239a27043c", "exit_code": 0, "stop_reason": null, "wall_s": 93.63106072309893, "runtime_valid": true}
PASS formal_r2_gts_GIST_k32_b1
{"gpu": "$SELECTED_GPU_UUID", "command": ["numactl", "--cpunodebind=3", "--membind=3", "$REMOTE_ROOT/gts_bench", "$DATA_ROOT/GIST/1000000/fixtures/data.f32bin", "$REMOTE_ROOT/fixtures/GIST_final256.qid", "8", "32", "1", "$REMOTE_ROOT/GIST.index", "formal_r2_gts_GIST_k8_b32", "2"], "binary_sha256": "2871b26adf8b1109795291ffb0ff8645390365d89a20ec41ac3d6a239a27043c", "exit_code": 0, "stop_reason": null, "wall_s": 101.66238379303832, "runtime_valid": true}
PASS formal_r2_gts_GIST_k8_b32
{"gpu": "$SELECTED_GPU_UUID", "command": ["numactl", "--cpunodebind=3", "--membind=3", "$REMOTE_ROOT/gts_bench", "$DATA_ROOT/GIST/1000000/fixtures/data.f32bin", "$REMOTE_ROOT/fixtures/GIST_final256.qid", "8", "1", "1", "$REMOTE_ROOT/GIST.index", "formal_r2_gts_GIST_k8_b1", "2"], "binary_sha256": "2871b26adf8b1109795291ffb0ff8645390365d89a20ec41ac3d6a239a27043c", "exit_code": 0, "stop_reason": null, "wall_s": 92.865996113047, "runtime_valid": true}
PASS formal_r2_gts_GIST_k8_b1
{"gpu": "$SELECTED_GPU_UUID", "command": ["numactl", "--cpunodebind=3", "--membind=3", "$REMOTE_ROOT/gts_bench", "$DATA_ROOT/GIST/1000000/fixtures/data.f32bin", "$REMOTE_ROOT/fixtures/GIST_final256.qid", "8", "1", "1", "$REMOTE_ROOT/GIST.index", "formal_r3_gts_GIST_k8_b1", "2"], "binary_sha256": "2871b26adf8b1109795291ffb0ff8645390365d89a20ec41ac3d6a239a27043c", "exit_code": 0, "stop_reason": null, "wall_s": 92.62732925103046, "runtime_valid": true}
PASS formal_r3_gts_GIST_k8_b1
{"gpu": "$SELECTED_GPU_UUID", "command": ["numactl", "--cpunodebind=3", "--membind=3", "$REMOTE_ROOT/gts_bench", "$DATA_ROOT/GIST/1000000/fixtures/data.f32bin", "$REMOTE_ROOT/fixtures/GIST_final256.qid", "8", "32", "1", "$REMOTE_ROOT/GIST.index", "formal_r3_gts_GIST_k8_b32", "2"], "binary_sha256": "2871b26adf8b1109795291ffb0ff8645390365d89a20ec41ac3d6a239a27043c", "exit_code": 0, "stop_reason": null, "wall_s": 101.63281565601937, "runtime_valid": true}
PASS formal_r3_gts_GIST_k8_b32
{"gpu": "$SELECTED_GPU_UUID", "command": ["numactl", "--cpunodebind=3", "--membind=3", "$REMOTE_ROOT/gts_bench", "$DATA_ROOT/GIST/1000000/fixtures/data.f32bin", "$REMOTE_ROOT/fixtures/GIST_final256.qid", "32", "1", "1", "$REMOTE_ROOT/GIST.index", "formal_r3_gts_GIST_k32_b1", "2"], "binary_sha256": "2871b26adf8b1109795291ffb0ff8645390365d89a20ec41ac3d6a239a27043c", "exit_code": 0, "stop_reason": null, "wall_s": 93.42578994692303, "runtime_valid": true}
PASS formal_r3_gts_GIST_k32_b1
{"gpu": "$SELECTED_GPU_UUID", "command": ["numactl", "--cpunodebind=3", "--membind=3", "$REMOTE_ROOT/gts_bench", "$DATA_ROOT/GIST/1000000/fixtures/data.f32bin", "$REMOTE_ROOT/fixtures/GIST_final256.qid", "32", "32", "1", "$REMOTE_ROOT/GIST.index", "formal_r3_gts_GIST_k32_b32", "2"], "binary_sha256": "2871b26adf8b1109795291ffb0ff8645390365d89a20ec41ac3d6a239a27043c", "exit_code": 0, "stop_reason": null, "wall_s": 102.84585421392694, "runtime_valid": true}
PASS formal_r3_gts_GIST_k32_b32
{"gpu": "$SELECTED_GPU_UUID", "command": ["numactl", "--cpunodebind=3", "--membind=3", "$FAISS_ENV_ROOT/bin/python", "$REMOTE_ROOT/native_ivf.py", "faiss", "--data", "$DATA_ROOT/GIST/1000000/fixtures/data.f32bin", "--qids", "$REMOTE_ROOT/fixtures/GIST_final256.qid", "--reference", "$REMOTE_ROOT/oracle_GIST_final256.json", "--configs", "$REMOTE_ROOT/formal_r3_GIST_configs.json", "--out", "$REMOTE_ROOT/formal_r3_ivf_GIST.json"], "binary_sha256": "1643dacd9feaedc58f3cc581e4d22577dfe25c09b10282936186ccf0f2e61118", "exit_code": 0, "stop_reason": null, "wall_s": 11.540106261032633, "runtime_valid": true}
PASS formal_r3_ivf_GIST
{"gpu": "$SELECTED_GPU_UUID", "command": ["numactl", "--cpunodebind=3", "--membind=3", "$REMOTE_ROOT/gts_bench", "$DATA_ROOT/Deep/1000000/fixtures/data.f32bin", "$REMOTE_ROOT/fixtures/Deep_final256.qid", "8", "1", "1", "$REMOTE_ROOT/Deep.index", "formal_r3_gts_Deep_k8_b1", "2"], "binary_sha256": "2871b26adf8b1109795291ffb0ff8645390365d89a20ec41ac3d6a239a27043c", "exit_code": 0, "stop_reason": null, "wall_s": 12.005784475011751, "runtime_valid": true}
PASS formal_r3_gts_Deep_k8_b1
{"gpu": "$SELECTED_GPU_UUID", "command": ["numactl", "--cpunodebind=3", "--membind=3", "$REMOTE_ROOT/gts_bench", "$DATA_ROOT/Deep/1000000/fixtures/data.f32bin", "$REMOTE_ROOT/fixtures/Deep_final256.qid", "8", "32", "1", "$REMOTE_ROOT/Deep.index", "formal_r3_gts_Deep_k8_b32", "2"], "binary_sha256": "2871b26adf8b1109795291ffb0ff8645390365d89a20ec41ac3d6a239a27043c", "exit_code": 0, "stop_reason": null, "wall_s": 11.602923670900054, "runtime_valid": true}
PASS formal_r3_gts_Deep_k8_b32
{"gpu": "$SELECTED_GPU_UUID", "command": ["numactl", "--cpunodebind=3", "--membind=3", "$REMOTE_ROOT/gts_bench", "$DATA_ROOT/Deep/1000000/fixtures/data.f32bin", "$REMOTE_ROOT/fixtures/Deep_final256.qid", "32", "1", "1", "$REMOTE_ROOT/Deep.index", "formal_r3_gts_Deep_k32_b1", "2"], "binary_sha256": "2871b26adf8b1109795291ffb0ff8645390365d89a20ec41ac3d6a239a27043c", "exit_code": 0, "stop_reason": null, "wall_s": 12.026565160020255, "runtime_valid": true}
PASS formal_r3_gts_Deep_k32_b1
{"gpu": "$SELECTED_GPU_UUID", "command": ["numactl", "--cpunodebind=3", "--membind=3", "$REMOTE_ROOT/gts_bench", "$DATA_ROOT/Deep/1000000/fixtures/data.f32bin", "$REMOTE_ROOT/fixtures/Deep_final256.qid", "32", "32", "1", "$REMOTE_ROOT/Deep.index", "formal_r3_gts_Deep_k32_b32", "2"], "binary_sha256": "2871b26adf8b1109795291ffb0ff8645390365d89a20ec41ac3d6a239a27043c", "exit_code": 0, "stop_reason": null, "wall_s": 11.940017250017263, "runtime_valid": true}
PASS formal_r3_gts_Deep_k32_b32
{"gpu": "$SELECTED_GPU_UUID", "command": ["numactl", "--cpunodebind=3", "--membind=3", "$FAISS_ENV_ROOT/bin/python", "$REMOTE_ROOT/native_ivf.py", "faiss", "--data", "$DATA_ROOT/Deep/1000000/fixtures/data.f32bin", "--qids", "$REMOTE_ROOT/fixtures/Deep_final256.qid", "--reference", "$REMOTE_ROOT/oracle_Deep_final256.json", "--configs", "$REMOTE_ROOT/formal_r3_Deep_configs.json", "--out", "$REMOTE_ROOT/formal_r3_ivf_Deep.json"], "binary_sha256": "1643dacd9feaedc58f3cc581e4d22577dfe25c09b10282936186ccf0f2e61118", "exit_code": 0, "stop_reason": null, "wall_s": 3.902375061996281, "runtime_valid": true}
PASS formal_r3_ivf_Deep
{"gpu": "$SELECTED_GPU_UUID", "command": ["numactl", "--cpunodebind=3", "--membind=3", "$FAISS_ENV_ROOT/bin/python", "$REMOTE_ROOT/native_ivf.py", "faiss", "--data", "$DATA_ROOT/Deep/1000000/fixtures/data.f32bin", "--qids", "$REMOTE_ROOT/fixtures/Deep_final256.qid", "--reference", "$REMOTE_ROOT/oracle_Deep_final256.json", "--configs", "$REMOTE_ROOT/formal_r4_Deep_configs.json", "--out", "$REMOTE_ROOT/formal_r4_ivf_Deep.json"], "binary_sha256": "1643dacd9feaedc58f3cc581e4d22577dfe25c09b10282936186ccf0f2e61118", "exit_code": 0, "stop_reason": null, "wall_s": 3.6947444030083716, "runtime_valid": true}
PASS formal_r4_ivf_Deep
{"gpu": "$SELECTED_GPU_UUID", "command": ["numactl", "--cpunodebind=3", "--membind=3", "$REMOTE_ROOT/gts_bench", "$DATA_ROOT/Deep/1000000/fixtures/data.f32bin", "$REMOTE_ROOT/fixtures/Deep_final256.qid", "32", "32", "1", "$REMOTE_ROOT/Deep.index", "formal_r4_gts_Deep_k32_b32", "2"], "binary_sha256": "2871b26adf8b1109795291ffb0ff8645390365d89a20ec41ac3d6a239a27043c", "exit_code": 0, "stop_reason": null, "wall_s": 11.955020154942758, "runtime_valid": true}
PASS formal_r4_gts_Deep_k32_b32
{"gpu": "$SELECTED_GPU_UUID", "command": ["numactl", "--cpunodebind=3", "--membind=3", "$REMOTE_ROOT/gts_bench", "$DATA_ROOT/Deep/1000000/fixtures/data.f32bin", "$REMOTE_ROOT/fixtures/Deep_final256.qid", "32", "1", "1", "$REMOTE_ROOT/Deep.index", "formal_r4_gts_Deep_k32_b1", "2"], "binary_sha256": "2871b26adf8b1109795291ffb0ff8645390365d89a20ec41ac3d6a239a27043c", "exit_code": 0, "stop_reason": null, "wall_s": 11.939139878028072, "runtime_valid": true}
PASS formal_r4_gts_Deep_k32_b1
{"gpu": "$SELECTED_GPU_UUID", "command": ["numactl", "--cpunodebind=3", "--membind=3", "$REMOTE_ROOT/gts_bench", "$DATA_ROOT/Deep/1000000/fixtures/data.f32bin", "$REMOTE_ROOT/fixtures/Deep_final256.qid", "8", "32", "1", "$REMOTE_ROOT/Deep.index", "formal_r4_gts_Deep_k8_b32", "2"], "binary_sha256": "2871b26adf8b1109795291ffb0ff8645390365d89a20ec41ac3d6a239a27043c", "exit_code": 0, "stop_reason": null, "wall_s": 11.965717195067555, "runtime_valid": true}
PASS formal_r4_gts_Deep_k8_b32
{"gpu": "$SELECTED_GPU_UUID", "command": ["numactl", "--cpunodebind=3", "--membind=3", "$REMOTE_ROOT/gts_bench", "$DATA_ROOT/Deep/1000000/fixtures/data.f32bin", "$REMOTE_ROOT/fixtures/Deep_final256.qid", "8", "1", "1", "$REMOTE_ROOT/Deep.index", "formal_r4_gts_Deep_k8_b1", "2"], "binary_sha256": "2871b26adf8b1109795291ffb0ff8645390365d89a20ec41ac3d6a239a27043c", "exit_code": 0, "stop_reason": null, "wall_s": 11.940773898968473, "runtime_valid": true}
PASS formal_r4_gts_Deep_k8_b1
{"gpu": "$SELECTED_GPU_UUID", "command": ["numactl", "--cpunodebind=3", "--membind=3", "$FAISS_ENV_ROOT/bin/python", "$REMOTE_ROOT/native_ivf.py", "faiss", "--data", "$DATA_ROOT/GIST/1000000/fixtures/data.f32bin", "--qids", "$REMOTE_ROOT/fixtures/GIST_final256.qid", "--reference", "$REMOTE_ROOT/oracle_GIST_final256.json", "--configs", "$REMOTE_ROOT/formal_r4_GIST_configs.json", "--out", "$REMOTE_ROOT/formal_r4_ivf_GIST.json"], "binary_sha256": "1643dacd9feaedc58f3cc581e4d22577dfe25c09b10282936186ccf0f2e61118", "exit_code": 0, "stop_reason": null, "wall_s": 11.099789848085493, "runtime_valid": true}
PASS formal_r4_ivf_GIST
{"gpu": "$SELECTED_GPU_UUID", "command": ["numactl", "--cpunodebind=3", "--membind=3", "$REMOTE_ROOT/gts_bench", "$DATA_ROOT/GIST/1000000/fixtures/data.f32bin", "$REMOTE_ROOT/fixtures/GIST_final256.qid", "32", "32", "1", "$REMOTE_ROOT/GIST.index", "formal_r4_gts_GIST_k32_b32", "2"], "binary_sha256": "2871b26adf8b1109795291ffb0ff8645390365d89a20ec41ac3d6a239a27043c", "exit_code": 0, "stop_reason": null, "wall_s": 102.6643073039595, "runtime_valid": true}
PASS formal_r4_gts_GIST_k32_b32
{"gpu": "$SELECTED_GPU_UUID", "command": ["numactl", "--cpunodebind=3", "--membind=3", "$REMOTE_ROOT/gts_bench", "$DATA_ROOT/GIST/1000000/fixtures/data.f32bin", "$REMOTE_ROOT/fixtures/GIST_final256.qid", "32", "1", "1", "$REMOTE_ROOT/GIST.index", "formal_r4_gts_GIST_k32_b1", "2"], "binary_sha256": "2871b26adf8b1109795291ffb0ff8645390365d89a20ec41ac3d6a239a27043c", "exit_code": 0, "stop_reason": null, "wall_s": 93.83677446295042, "runtime_valid": true}
PASS formal_r4_gts_GIST_k32_b1
{"gpu": "$SELECTED_GPU_UUID", "command": ["numactl", "--cpunodebind=3", "--membind=3", "$REMOTE_ROOT/gts_bench", "$DATA_ROOT/GIST/1000000/fixtures/data.f32bin", "$REMOTE_ROOT/fixtures/GIST_final256.qid", "8", "32", "1", "$REMOTE_ROOT/GIST.index", "formal_r4_gts_GIST_k8_b32", "2"], "binary_sha256": "2871b26adf8b1109795291ffb0ff8645390365d89a20ec41ac3d6a239a27043c", "exit_code": 0, "stop_reason": null, "wall_s": 101.67345358897, "runtime_valid": true}
PASS formal_r4_gts_GIST_k8_b32
{"gpu": "$SELECTED_GPU_UUID", "command": ["numactl", "--cpunodebind=3", "--membind=3", "$REMOTE_ROOT/gts_bench", "$DATA_ROOT/GIST/1000000/fixtures/data.f32bin", "$REMOTE_ROOT/fixtures/GIST_final256.qid", "8", "1", "1", "$REMOTE_ROOT/GIST.index", "formal_r4_gts_GIST_k8_b1", "2"], "binary_sha256": "2871b26adf8b1109795291ffb0ff8645390365d89a20ec41ac3d6a239a27043c", "exit_code": 0, "stop_reason": null, "wall_s": 93.03961494099349, "runtime_valid": true}
PASS formal_r4_gts_GIST_k8_b1
{"gpu": "$SELECTED_GPU_UUID", "command": ["numactl", "--cpunodebind=3", "--membind=3", "$REMOTE_ROOT/gts_bench", "$DATA_ROOT/GIST/1000000/fixtures/data.f32bin", "$REMOTE_ROOT/fixtures/GIST_final256.qid", "8", "1", "1", "$REMOTE_ROOT/GIST.index", "formal_r5_gts_GIST_k8_b1", "2"], "binary_sha256": "2871b26adf8b1109795291ffb0ff8645390365d89a20ec41ac3d6a239a27043c", "exit_code": 0, "stop_reason": null, "wall_s": 92.84307684702799, "runtime_valid": true}
PASS formal_r5_gts_GIST_k8_b1
{"gpu": "$SELECTED_GPU_UUID", "command": ["numactl", "--cpunodebind=3", "--membind=3", "$REMOTE_ROOT/gts_bench", "$DATA_ROOT/GIST/1000000/fixtures/data.f32bin", "$REMOTE_ROOT/fixtures/GIST_final256.qid", "8", "32", "1", "$REMOTE_ROOT/GIST.index", "formal_r5_gts_GIST_k8_b32", "2"], "binary_sha256": "2871b26adf8b1109795291ffb0ff8645390365d89a20ec41ac3d6a239a27043c", "exit_code": 0, "stop_reason": null, "wall_s": 101.6302998859901, "runtime_valid": true}
PASS formal_r5_gts_GIST_k8_b32
{"gpu": "$SELECTED_GPU_UUID", "command": ["numactl", "--cpunodebind=3", "--membind=3", "$REMOTE_ROOT/gts_bench", "$DATA_ROOT/GIST/1000000/fixtures/data.f32bin", "$REMOTE_ROOT/fixtures/GIST_final256.qid", "32", "1", "1", "$REMOTE_ROOT/GIST.index", "formal_r5_gts_GIST_k32_b1", "2"], "binary_sha256": "2871b26adf8b1109795291ffb0ff8645390365d89a20ec41ac3d6a239a27043c", "exit_code": 0, "stop_reason": null, "wall_s": 93.62430153996684, "runtime_valid": true}
PASS formal_r5_gts_GIST_k32_b1
{"gpu": "$SELECTED_GPU_UUID", "command": ["numactl", "--cpunodebind=3", "--membind=3", "$REMOTE_ROOT/gts_bench", "$DATA_ROOT/GIST/1000000/fixtures/data.f32bin", "$REMOTE_ROOT/fixtures/GIST_final256.qid", "32", "32", "1", "$REMOTE_ROOT/GIST.index", "formal_r5_gts_GIST_k32_b32", "2"], "binary_sha256": "2871b26adf8b1109795291ffb0ff8645390365d89a20ec41ac3d6a239a27043c", "exit_code": 0, "stop_reason": null, "wall_s": 102.6410823209444, "runtime_valid": true}
PASS formal_r5_gts_GIST_k32_b32
{"gpu": "$SELECTED_GPU_UUID", "command": ["numactl", "--cpunodebind=3", "--membind=3", "$FAISS_ENV_ROOT/bin/python", "$REMOTE_ROOT/native_ivf.py", "faiss", "--data", "$DATA_ROOT/GIST/1000000/fixtures/data.f32bin", "--qids", "$REMOTE_ROOT/fixtures/GIST_final256.qid", "--reference", "$REMOTE_ROOT/oracle_GIST_final256.json", "--configs", "$REMOTE_ROOT/formal_r5_GIST_configs.json", "--out", "$REMOTE_ROOT/formal_r5_ivf_GIST.json"], "binary_sha256": "1643dacd9feaedc58f3cc581e4d22577dfe25c09b10282936186ccf0f2e61118", "exit_code": 0, "stop_reason": null, "wall_s": 11.296323158079758, "runtime_valid": true}
PASS formal_r5_ivf_GIST
{"gpu": "$SELECTED_GPU_UUID", "command": ["numactl", "--cpunodebind=3", "--membind=3", "$REMOTE_ROOT/gts_bench", "$DATA_ROOT/Deep/1000000/fixtures/data.f32bin", "$REMOTE_ROOT/fixtures/Deep_final256.qid", "8", "1", "1", "$REMOTE_ROOT/Deep.index", "formal_r5_gts_Deep_k8_b1", "2"], "binary_sha256": "2871b26adf8b1109795291ffb0ff8645390365d89a20ec41ac3d6a239a27043c", "exit_code": 0, "stop_reason": null, "wall_s": 11.935770924086682, "runtime_valid": true}
PASS formal_r5_gts_Deep_k8_b1
{"gpu": "$SELECTED_GPU_UUID", "command": ["numactl", "--cpunodebind=3", "--membind=3", "$REMOTE_ROOT/gts_bench", "$DATA_ROOT/Deep/1000000/fixtures/data.f32bin", "$REMOTE_ROOT/fixtures/Deep_final256.qid", "8", "32", "1", "$REMOTE_ROOT/Deep.index", "formal_r5_gts_Deep_k8_b32", "2"], "binary_sha256": "2871b26adf8b1109795291ffb0ff8645390365d89a20ec41ac3d6a239a27043c", "exit_code": 0, "stop_reason": null, "wall_s": 11.587315435055643, "runtime_valid": true}
PASS formal_r5_gts_Deep_k8_b32
{"gpu": "$SELECTED_GPU_UUID", "command": ["numactl", "--cpunodebind=3", "--membind=3", "$REMOTE_ROOT/gts_bench", "$DATA_ROOT/Deep/1000000/fixtures/data.f32bin", "$REMOTE_ROOT/fixtures/Deep_final256.qid", "32", "1", "1", "$REMOTE_ROOT/Deep.index", "formal_r5_gts_Deep_k32_b1", "2"], "binary_sha256": "2871b26adf8b1109795291ffb0ff8645390365d89a20ec41ac3d6a239a27043c", "exit_code": 0, "stop_reason": null, "wall_s": 11.999592133099213, "runtime_valid": true}
PASS formal_r5_gts_Deep_k32_b1
{"gpu": "$SELECTED_GPU_UUID", "command": ["numactl", "--cpunodebind=3", "--membind=3", "$REMOTE_ROOT/gts_bench", "$DATA_ROOT/Deep/1000000/fixtures/data.f32bin", "$REMOTE_ROOT/fixtures/Deep_final256.qid", "32", "32", "1", "$REMOTE_ROOT/Deep.index", "formal_r5_gts_Deep_k32_b32", "2"], "binary_sha256": "2871b26adf8b1109795291ffb0ff8645390365d89a20ec41ac3d6a239a27043c", "exit_code": 0, "stop_reason": null, "wall_s": 11.963169310009107, "runtime_valid": true}
PASS formal_r5_gts_Deep_k32_b32
{"gpu": "$SELECTED_GPU_UUID", "command": ["numactl", "--cpunodebind=3", "--membind=3", "$FAISS_ENV_ROOT/bin/python", "$REMOTE_ROOT/native_ivf.py", "faiss", "--data", "$DATA_ROOT/Deep/1000000/fixtures/data.f32bin", "--qids", "$REMOTE_ROOT/fixtures/Deep_final256.qid", "--reference", "$REMOTE_ROOT/oracle_Deep_final256.json", "--configs", "$REMOTE_ROOT/formal_r5_Deep_configs.json", "--out", "$REMOTE_ROOT/formal_r5_ivf_Deep.json"], "binary_sha256": "1643dacd9feaedc58f3cc581e4d22577dfe25c09b10282936186ccf0f2e61118", "exit_code": 0, "stop_reason": null, "wall_s": 3.508569339988753, "runtime_valid": true}
PASS formal_r5_ivf_Deep
{"gpu": "$SELECTED_GPU_UUID", "command": ["numactl", "--cpunodebind=3", "--membind=3", "$FAISS_ENV_ROOT/bin/python", "$REMOTE_ROOT/native_ivf.py", "faiss", "--data", "$DATA_ROOT/Deep/1000000/fixtures/data.f32bin", "--qids", "$REMOTE_ROOT/fixtures/Deep_final256.qid", "--reference", "$REMOTE_ROOT/oracle_Deep_final256.json", "--configs", "$REMOTE_ROOT/formal_r6_Deep_configs.json", "--out", "$REMOTE_ROOT/formal_r6_ivf_Deep.json"], "binary_sha256": "1643dacd9feaedc58f3cc581e4d22577dfe25c09b10282936186ccf0f2e61118", "exit_code": 0, "stop_reason": null, "wall_s": 3.7039614180102944, "runtime_valid": true}
PASS formal_r6_ivf_Deep
{"gpu": "$SELECTED_GPU_UUID", "command": ["numactl", "--cpunodebind=3", "--membind=3", "$REMOTE_ROOT/gts_bench", "$DATA_ROOT/Deep/1000000/fixtures/data.f32bin", "$REMOTE_ROOT/fixtures/Deep_final256.qid", "32", "32", "1", "$REMOTE_ROOT/Deep.index", "formal_r6_gts_Deep_k32_b32", "2"], "binary_sha256": "2871b26adf8b1109795291ffb0ff8645390365d89a20ec41ac3d6a239a27043c", "exit_code": 0, "stop_reason": null, "wall_s": 11.99353798397351, "runtime_valid": true}
PASS formal_r6_gts_Deep_k32_b32
{"gpu": "$SELECTED_GPU_UUID", "command": ["numactl", "--cpunodebind=3", "--membind=3", "$REMOTE_ROOT/gts_bench", "$DATA_ROOT/Deep/1000000/fixtures/data.f32bin", "$REMOTE_ROOT/fixtures/Deep_final256.qid", "32", "1", "1", "$REMOTE_ROOT/Deep.index", "formal_r6_gts_Deep_k32_b1", "2"], "binary_sha256": "2871b26adf8b1109795291ffb0ff8645390365d89a20ec41ac3d6a239a27043c", "exit_code": 0, "stop_reason": null, "wall_s": 11.968805589945987, "runtime_valid": true}
PASS formal_r6_gts_Deep_k32_b1
{"gpu": "$SELECTED_GPU_UUID", "command": ["numactl", "--cpunodebind=3", "--membind=3", "$REMOTE_ROOT/gts_bench", "$DATA_ROOT/Deep/1000000/fixtures/data.f32bin", "$REMOTE_ROOT/fixtures/Deep_final256.qid", "8", "32", "1", "$REMOTE_ROOT/Deep.index", "formal_r6_gts_Deep_k8_b32", "2"], "binary_sha256": "2871b26adf8b1109795291ffb0ff8645390365d89a20ec41ac3d6a239a27043c", "exit_code": 0, "stop_reason": null, "wall_s": 11.570685468032025, "runtime_valid": true}
PASS formal_r6_gts_Deep_k8_b32
{"gpu": "$SELECTED_GPU_UUID", "command": ["numactl", "--cpunodebind=3", "--membind=3", "$REMOTE_ROOT/gts_bench", "$DATA_ROOT/Deep/1000000/fixtures/data.f32bin", "$REMOTE_ROOT/fixtures/Deep_final256.qid", "8", "1", "1", "$REMOTE_ROOT/Deep.index", "formal_r6_gts_Deep_k8_b1", "2"], "binary_sha256": "2871b26adf8b1109795291ffb0ff8645390365d89a20ec41ac3d6a239a27043c", "exit_code": 0, "stop_reason": null, "wall_s": 11.981583287008107, "runtime_valid": true}
PASS formal_r6_gts_Deep_k8_b1
{"gpu": "$SELECTED_GPU_UUID", "command": ["numactl", "--cpunodebind=3", "--membind=3", "$FAISS_ENV_ROOT/bin/python", "$REMOTE_ROOT/native_ivf.py", "faiss", "--data", "$DATA_ROOT/GIST/1000000/fixtures/data.f32bin", "--qids", "$REMOTE_ROOT/fixtures/GIST_final256.qid", "--reference", "$REMOTE_ROOT/oracle_GIST_final256.json", "--configs", "$REMOTE_ROOT/formal_r6_GIST_configs.json", "--out", "$REMOTE_ROOT/formal_r6_ivf_GIST.json"], "binary_sha256": "1643dacd9feaedc58f3cc581e4d22577dfe25c09b10282936186ccf0f2e61118", "exit_code": 0, "stop_reason": null, "wall_s": 11.558443930000067, "runtime_valid": true}
PASS formal_r6_ivf_GIST
{"gpu": "$SELECTED_GPU_UUID", "command": ["numactl", "--cpunodebind=3", "--membind=3", "$REMOTE_ROOT/gts_bench", "$DATA_ROOT/GIST/1000000/fixtures/data.f32bin", "$REMOTE_ROOT/fixtures/GIST_final256.qid", "32", "32", "1", "$REMOTE_ROOT/GIST.index", "formal_r6_gts_GIST_k32_b32", "2"], "binary_sha256": "2871b26adf8b1109795291ffb0ff8645390365d89a20ec41ac3d6a239a27043c", "exit_code": 0, "stop_reason": null, "wall_s": 102.8747291410109, "runtime_valid": true}
PASS formal_r6_gts_GIST_k32_b32
{"gpu": "$SELECTED_GPU_UUID", "command": ["numactl", "--cpunodebind=3", "--membind=3", "$REMOTE_ROOT/gts_bench", "$DATA_ROOT/GIST/1000000/fixtures/data.f32bin", "$REMOTE_ROOT/fixtures/GIST_final256.qid", "32", "1", "1", "$REMOTE_ROOT/GIST.index", "formal_r6_gts_GIST_k32_b1", "2"], "binary_sha256": "2871b26adf8b1109795291ffb0ff8645390365d89a20ec41ac3d6a239a27043c", "exit_code": 0, "stop_reason": null, "wall_s": 93.45246047398541, "runtime_valid": true}
PASS formal_r6_gts_GIST_k32_b1
{"gpu": "$SELECTED_GPU_UUID", "command": ["numactl", "--cpunodebind=3", "--membind=3", "$REMOTE_ROOT/gts_bench", "$DATA_ROOT/GIST/1000000/fixtures/data.f32bin", "$REMOTE_ROOT/fixtures/GIST_final256.qid", "8", "32", "1", "$REMOTE_ROOT/GIST.index", "formal_r6_gts_GIST_k8_b32", "2"], "binary_sha256": "2871b26adf8b1109795291ffb0ff8645390365d89a20ec41ac3d6a239a27043c", "exit_code": 0, "stop_reason": null, "wall_s": 101.61841357103549, "runtime_valid": true}
PASS formal_r6_gts_GIST_k8_b32
{"gpu": "$SELECTED_GPU_UUID", "command": ["numactl", "--cpunodebind=3", "--membind=3", "$REMOTE_ROOT/gts_bench", "$DATA_ROOT/GIST/1000000/fixtures/data.f32bin", "$REMOTE_ROOT/fixtures/GIST_final256.qid", "8", "1", "1", "$REMOTE_ROOT/GIST.index", "formal_r6_gts_GIST_k8_b1", "2"], "binary_sha256": "2871b26adf8b1109795291ffb0ff8645390365d89a20ec41ac3d6a239a27043c", "exit_code": 0, "stop_reason": null, "wall_s": 92.9093379889382, "runtime_valid": true}
PASS formal_r6_gts_GIST_k8_b1
FORMAL COMPLETE
