{"gpu": "$SELECTED_GPU_UUID", "command": ["numactl", "--cpunodebind=3", "--membind=3", "$REMOTE_ROOT/gts_bench", "$REMOTE_ROOT/synthetic_96.f32bin", "$REMOTE_ROOT/fixtures/synthetic_ragged33.qid", "8", "1", "8", "$REMOTE_ROOT/synthetic96.index", "qual_gts_d96_k8_b1", "2"], "binary_sha256": "2871b26adf8b1109795291ffb0ff8645390365d89a20ec41ac3d6a239a27043c", "exit_code": 0, "stop_reason": null, "wall_s": 2.1164756279904395, "runtime_valid": true}
PASS qual_gts_d96_k8_b1
{"gpu": "$SELECTED_GPU_UUID", "command": ["numactl", "--cpunodebind=3", "--membind=3", "$REMOTE_ROOT/gts_bench", "$REMOTE_ROOT/synthetic_96.f32bin", "$REMOTE_ROOT/fixtures/synthetic_ragged33.qid", "8", "32", "8", "$REMOTE_ROOT/synthetic96.index", "qual_gts_d96_k8_b32", "2"], "binary_sha256": "2871b26adf8b1109795291ffb0ff8645390365d89a20ec41ac3d6a239a27043c", "exit_code": 0, "stop_reason": null, "wall_s": 1.130537374992855, "runtime_valid": true}
PASS qual_gts_d96_k8_b32
{"gpu": "$SELECTED_GPU_UUID", "command": ["numactl", "--cpunodebind=3", "--membind=3", "$REMOTE_ROOT/gts_bench", "$REMOTE_ROOT/synthetic_96.f32bin", "$REMOTE_ROOT/fixtures/synthetic_ragged33.qid", "32", "1", "8", "$REMOTE_ROOT/synthetic96.index", "qual_gts_d96_k32_b1", "2"], "binary_sha256": "2871b26adf8b1109795291ffb0ff8645390365d89a20ec41ac3d6a239a27043c", "exit_code": 0, "stop_reason": null, "wall_s": 2.1236212380463257, "runtime_valid": true}
PASS qual_gts_d96_k32_b1
{"gpu": "$SELECTED_GPU_UUID", "command": ["numactl", "--cpunodebind=3", "--membind=3", "$REMOTE_ROOT/gts_bench", "$REMOTE_ROOT/synthetic_96.f32bin", "$REMOTE_ROOT/fixtures/synthetic_ragged33.qid", "32", "32", "8", "$REMOTE_ROOT/synthetic96.index", "qual_gts_d96_k32_b32", "2"], "binary_sha256": "2871b26adf8b1109795291ffb0ff8645390365d89a20ec41ac3d6a239a27043c", "exit_code": 0, "stop_reason": null, "wall_s": 1.124183768988587, "runtime_valid": true}
PASS qual_gts_d96_k32_b32
{"gpu": "$SELECTED_GPU_UUID", "command": ["numactl", "--cpunodebind=3", "--membind=3", "$FAISS_ENV_ROOT/bin/python", "$REMOTE_ROOT/native_ivf.py", "faiss", "--data", "$REMOTE_ROOT/synthetic_96.f32bin", "--qids", "$REMOTE_ROOT/fixtures/synthetic_ragged33.qid", "--reference", "$REMOTE_ROOT/oracle_synthetic96.json", "--configs", "$REMOTE_ROOT/synthetic_configs.json", "--repeats", "2", "--out", "$REMOTE_ROOT/qual_ivf_d96.json"], "binary_sha256": "1643dacd9feaedc58f3cc581e4d22577dfe25c09b10282936186ccf0f2e61118", "exit_code": 0, "stop_reason": null, "wall_s": 1.3235494639957324, "runtime_valid": true}
PASS qual_ivf_d96
{"gpu": "$SELECTED_GPU_UUID", "command": ["numactl", "--cpunodebind=3", "--membind=3", "/usr/local/cuda/bin/compute-sanitizer", "--tool", "memcheck", "--error-exitcode", "91", "$REMOTE_ROOT/gts_bench", "$REMOTE_ROOT/synthetic_96.f32bin", "$REMOTE_ROOT/fixtures/synthetic_ragged33.qid", "32", "32", "2", "$REMOTE_ROOT/synthetic96.index", "qual_memcheck_d96", "2"], "binary_sha256": "5cba659e1cd603aa2370e103425f184368e6ed405da90ce85743c4399c324dbc", "exit_code": 0, "stop_reason": null, "wall_s": 1.313885852927342, "runtime_valid": true}
PASS qual_memcheck_d96
{"gpu": "$SELECTED_GPU_UUID", "command": ["numactl", "--cpunodebind=3", "--membind=3", "/usr/local/cuda/bin/compute-sanitizer", "--tool", "synccheck", "--error-exitcode", "91", "$REMOTE_ROOT/gts_bench", "$REMOTE_ROOT/synthetic_96.f32bin", "$REMOTE_ROOT/fixtures/synthetic_ragged33.qid", "32", "32", "2", "$REMOTE_ROOT/synthetic96.index", "qual_synccheck_d96", "2"], "binary_sha256": "5cba659e1cd603aa2370e103425f184368e6ed405da90ce85743c4399c324dbc", "exit_code": 0, "stop_reason": null, "wall_s": 0.9083407969446853, "runtime_valid": true}
PASS qual_synccheck_d96
{"gpu": "$SELECTED_GPU_UUID", "command": ["numactl", "--cpunodebind=3", "--membind=3", "$FAISS_ENV_ROOT/bin/python", "$REMOTE_ROOT/native_ivf.py", "oracle", "--data", "$REMOTE_ROOT/synthetic_960.f32bin", "--qids", "$REMOTE_ROOT/fixtures/synthetic_ragged33.qid", "--out", "$REMOTE_ROOT/oracle_synthetic960.json"], "binary_sha256": "1643dacd9feaedc58f3cc581e4d22577dfe25c09b10282936186ccf0f2e61118", "exit_code": 0, "stop_reason": null, "wall_s": 1.2986393159953877, "runtime_valid": true}
PASS oracle_synthetic960_registered
{"gpu": "$SELECTED_GPU_UUID", "command": ["numactl", "--cpunodebind=3", "--membind=3", "$REMOTE_ROOT/gts_bench", "$REMOTE_ROOT/synthetic_960.f32bin", "$REMOTE_ROOT/fixtures/synthetic_ragged33.qid", "8", "1", "8", "$REMOTE_ROOT/synthetic960.index", "qual_gts_d960_k8_b1", "2"], "binary_sha256": "2871b26adf8b1109795291ffb0ff8645390365d89a20ec41ac3d6a239a27043c", "exit_code": 0, "stop_reason": null, "wall_s": 4.743332126992755, "runtime_valid": true}
PASS qual_gts_d960_k8_b1
{"gpu": "$SELECTED_GPU_UUID", "command": ["numactl", "--cpunodebind=3", "--membind=3", "$REMOTE_ROOT/gts_bench", "$REMOTE_ROOT/synthetic_960.f32bin", "$REMOTE_ROOT/fixtures/synthetic_ragged33.qid", "8", "32", "8", "$REMOTE_ROOT/synthetic960.index", "qual_gts_d960_k8_b32", "2"], "binary_sha256": "2871b26adf8b1109795291ffb0ff8645390365d89a20ec41ac3d6a239a27043c", "exit_code": 0, "stop_reason": null, "wall_s": 2.158752638963051, "runtime_valid": true}
PASS qual_gts_d960_k8_b32
{"gpu": "$SELECTED_GPU_UUID", "command": ["numactl", "--cpunodebind=3", "--membind=3", "$REMOTE_ROOT/gts_bench", "$REMOTE_ROOT/synthetic_960.f32bin", "$REMOTE_ROOT/fixtures/synthetic_ragged33.qid", "32", "1", "8", "$REMOTE_ROOT/synthetic960.index", "qual_gts_d960_k32_b1", "2"], "binary_sha256": "2871b26adf8b1109795291ffb0ff8645390365d89a20ec41ac3d6a239a27043c", "exit_code": 0, "stop_reason": null, "wall_s": 4.563065905007534, "runtime_valid": true}
PASS qual_gts_d960_k32_b1
{"gpu": "$SELECTED_GPU_UUID", "command": ["numactl", "--cpunodebind=3", "--membind=3", "$REMOTE_ROOT/gts_bench", "$REMOTE_ROOT/synthetic_960.f32bin", "$REMOTE_ROOT/fixtures/synthetic_ragged33.qid", "32", "32", "8", "$REMOTE_ROOT/synthetic960.index", "qual_gts_d960_k32_b32", "2"], "binary_sha256": "2871b26adf8b1109795291ffb0ff8645390365d89a20ec41ac3d6a239a27043c", "exit_code": 0, "stop_reason": null, "wall_s": 2.1392674120143056, "runtime_valid": true}
PASS qual_gts_d960_k32_b32
{"gpu": "$SELECTED_GPU_UUID", "command": ["numactl", "--cpunodebind=3", "--membind=3", "$FAISS_ENV_ROOT/bin/python", "$REMOTE_ROOT/native_ivf.py", "faiss", "--data", "$REMOTE_ROOT/synthetic_960.f32bin", "--qids", "$REMOTE_ROOT/fixtures/synthetic_ragged33.qid", "--reference", "$REMOTE_ROOT/oracle_synthetic960.json", "--configs", "$REMOTE_ROOT/synthetic_configs.json", "--repeats", "2", "--out", "$REMOTE_ROOT/qual_ivf_d960.json"], "binary_sha256": "1643dacd9feaedc58f3cc581e4d22577dfe25c09b10282936186ccf0f2e61118", "exit_code": 0, "stop_reason": null, "wall_s": 1.695586806978099, "runtime_valid": true}
PASS qual_ivf_d960
{"gpu": "$SELECTED_GPU_UUID", "command": ["numactl", "--cpunodebind=3", "--membind=3", "/usr/local/cuda/bin/compute-sanitizer", "--tool", "memcheck", "--error-exitcode", "91", "$REMOTE_ROOT/gts_bench", "$REMOTE_ROOT/synthetic_960.f32bin", "$REMOTE_ROOT/fixtures/synthetic_ragged33.qid", "32", "32", "2", "$REMOTE_ROOT/synthetic960.index", "qual_memcheck_d960", "2"], "binary_sha256": "5cba659e1cd603aa2370e103425f184368e6ed405da90ce85743c4399c324dbc", "exit_code": 0, "stop_reason": null, "wall_s": 2.155285755987279, "runtime_valid": true}
PASS qual_memcheck_d960
{"gpu": "$SELECTED_GPU_UUID", "command": ["numactl", "--cpunodebind=3", "--membind=3", "/usr/local/cuda/bin/compute-sanitizer", "--tool", "synccheck", "--error-exitcode", "91", "$REMOTE_ROOT/gts_bench", "$REMOTE_ROOT/synthetic_960.f32bin", "$REMOTE_ROOT/fixtures/synthetic_ragged33.qid", "32", "32", "2", "$REMOTE_ROOT/synthetic960.index", "qual_synccheck_d960", "2"], "binary_sha256": "5cba659e1cd603aa2370e103425f184368e6ed405da90ce85743c4399c324dbc", "exit_code": 0, "stop_reason": null, "wall_s": 1.7683870060136542, "runtime_valid": true}
PASS qual_synccheck_d960
