Collecting cuvs-cu13==26.8.1
  Downloading cuvs_cu13-26.8.1-cp311-abi3-manylinux_2_24_x86_64.manylinux_2_28_x86_64.whl.metadata (1.3 kB)
Collecting cupy-cuda13x==14.2.0
  Downloading cupy_cuda13x-14.2.0-cp312-cp312-manylinux2014_x86_64.whl.metadata (2.8 kB)
Collecting cuda-bindings<14.0,>=13.0.1 (from cuvs-cu13==26.8.1)
  Downloading cuda_bindings-13.4.3-cp312-cp312-manylinux_2_24_x86_64.manylinux_2_28_x86_64.whl.metadata (2.4 kB)
Collecting libcuvs-cu13==26.8.* (from cuvs-cu13==26.8.1)
  Downloading libcuvs_cu13-26.8.1-py3-none-manylinux_2_27_x86_64.manylinux_2_28_x86_64.whl.metadata (10 kB)
Collecting numpy<3.0,>=2.0 (from cuvs-cu13==26.8.1)
  Downloading numpy-2.5.3-cp312-cp312-manylinux_2_27_x86_64.manylinux_2_28_x86_64.whl.metadata (6.6 kB)
Collecting pylibraft-cu13==26.8.* (from cuvs-cu13==26.8.1)
  Downloading pylibraft_cu13-26.8.0-cp311-abi3-manylinux_2_24_x86_64.manylinux_2_28_x86_64.whl.metadata (13 kB)
Collecting cuda-pathfinder==1.*,>=1.3.4 (from cupy-cuda13x==14.2.0)
  Downloading cuda_pathfinder-1.8.3-py3-none-any.whl.metadata (1.9 kB)
Collecting cuda-toolkit==13.* (from cuda-toolkit[cublas,curand,cusolver,cusparse,nvrtc]==13.*->libcuvs-cu13==26.8.*->cuvs-cu13==26.8.1)
  Downloading cuda_toolkit-13.4.2-py2.py3-none-any.whl.metadata (24 kB)
Collecting libraft-cu13==26.8.* (from libcuvs-cu13==26.8.*->cuvs-cu13==26.8.1)
  Downloading libraft_cu13-26.8.0-py3-none-manylinux_2_27_x86_64.manylinux_2_28_x86_64.whl.metadata (13 kB)
Collecting librmm-cu13==26.8.* (from libcuvs-cu13==26.8.*->cuvs-cu13==26.8.1)
  Downloading librmm_cu13-26.8.0-py3-none-manylinux_2_24_x86_64.manylinux_2_28_x86_64.whl.metadata (36 kB)
Collecting nvidia-nccl-cu13>=2.19 (from libcuvs-cu13==26.8.*->cuvs-cu13==26.8.1)
  Downloading nvidia_nccl_cu13-2.32.3-py3-none-manylinux_2_27_x86_64.whl.metadata (2.1 kB)
Collecting nvidia-nvjitlink<14,>=13.3 (from libcuvs-cu13==26.8.*->cuvs-cu13==26.8.1)
  Downloading nvidia_nvjitlink-13.4.92-py3-none-manylinux2010_x86_64.manylinux_2_12_x86_64.whl.metadata (1.8 kB)
Collecting rmm-cu13==26.8.* (from pylibraft-cu13==26.8.*->cuvs-cu13==26.8.1)
  Downloading rmm_cu13-26.8.0-cp311-abi3-manylinux_2_24_x86_64.manylinux_2_28_x86_64.whl.metadata (37 kB)
Collecting nvidia-cublas==13.8.0.4.* (from cuda-toolkit[cublas,curand,cusolver,cusparse,nvrtc]==13.*->libcuvs-cu13==26.8.*->cuvs-cu13==26.8.1)
  Downloading nvidia_cublas-13.8.0.4-py3-none-manylinux_2_27_x86_64.whl.metadata (1.8 kB)
Collecting nvidia-cuda-nvrtc==13.4.92.* (from cuda-toolkit[cublas,curand,cusolver,cusparse,nvrtc]==13.*->libcuvs-cu13==26.8.*->cuvs-cu13==26.8.1)
  Downloading nvidia_cuda_nvrtc-13.4.92-py3-none-manylinux2010_x86_64.manylinux_2_12_x86_64.whl.metadata (1.8 kB)
Collecting nvidia-curand==10.4.4.72.* (from cuda-toolkit[cublas,curand,cusolver,cusparse,nvrtc]==13.*->libcuvs-cu13==26.8.*->cuvs-cu13==26.8.1)
  Downloading nvidia_curand-10.4.4.72-py3-none-manylinux_2_27_x86_64.whl.metadata (1.8 kB)
Collecting nvidia-cusolver==12.3.4.7.* (from cuda-toolkit[cublas,curand,cusolver,cusparse,nvrtc]==13.*->libcuvs-cu13==26.8.*->cuvs-cu13==26.8.1)
  Downloading nvidia_cusolver-12.3.4.7-py3-none-manylinux_2_27_x86_64.whl.metadata (1.9 kB)
Collecting nvidia-cusparse==12.8.6.72.* (from cuda-toolkit[cublas,curand,cusolver,cusparse,nvrtc]==13.*->libcuvs-cu13==26.8.*->cuvs-cu13==26.8.1)
  Downloading nvidia_cusparse-12.8.6.72-py3-none-manylinux2014_x86_64.manylinux_2_17_x86_64.whl.metadata (1.8 kB)
Collecting rapids-logger==0.2.* (from libraft-cu13==26.8.*->libcuvs-cu13==26.8.*->cuvs-cu13==26.8.1)
  Downloading rapids_logger-0.2.3-py3-none-manylinux_2_27_x86_64.manylinux_2_28_x86_64.whl.metadata (5.1 kB)
Downloading cuvs_cu13-26.8.1-cp311-abi3-manylinux_2_24_x86_64.manylinux_2_28_x86_64.whl (1.5 MB)
   ━━━━━━━━━━━━━━━━━━━━━━━━━━━━━━━━━━━━━━━━ 1.5/1.5 MB 85.9 kB/s eta 0:00:00
Downloading cupy_cuda13x-14.2.0-cp312-cp312-manylinux2014_x86_64.whl (69.4 MB)
