Loading query file...
contract,N,1000000,Q,32,k,10,r,292,covered,30,min_hits,5,max_hits,27195,total_hits,162775
Index construction...
Tree height: 6
Searching...
qnum_l_low: 4
correct,integer_kth_oracle
Searching...
qnum_l_low: 4
Searching...
qnum_l_low: 4
Searching...
qnum_l_low: 4
Searching...
qnum_l_low: 4
sample,0,96.547246
Searching...
qnum_l_low: 4
sample,1,103.874733
Searching...
qnum_l_low: 4
sample,2,105.110721
Searching...
qnum_l_low: 4
sample,3,105.748276
Searching...
qnum_l_low: 4
sample,4,104.216674
Searching...
qnum_l_low: 4
sample,5,106.332261
Searching...
qnum_l_low: 4
sample,6,105.079742
Searching...
qnum_l_low: 4
sample,7,97.385016
pass
