Loading query file...
Loading query file...
Index construction...
Tree height: 6
Searching...
qnum_l_low: 4
calibration,ms,100.526938,radius,292
contract,N,1000000,Q,32,k,10,r,292,covered,30,min_hits,5,max_hits,27195,total_hits,162775
Searching...
qnum_l_low: 2
correct,integer_kth_oracle,first_fallback,2
Searching...
qnum_l_low: 2
Searching...
qnum_l_low: 2
Searching...
qnum_l_low: 2
Searching...
qnum_l_low: 2
sample,0,79.597957,fallback,2
Searching...
qnum_l_low: 2
sample,1,85.713203,fallback,2
Searching...
qnum_l_low: 2
sample,2,81.375570,fallback,2
Searching...
qnum_l_low: 2
sample,3,79.288166,fallback,2
Searching...
qnum_l_low: 2
sample,4,83.994751,fallback,2
Searching...
qnum_l_low: 2
sample,5,81.466421,fallback,2
Searching...
qnum_l_low: 2
sample,6,81.970726,fallback,2
Searching...
qnum_l_low: 2
sample,7,82.294513,fallback,2
pass
