Loading query file...
contract,N,1000000,Q,32,k,10,r,300,covered,32,min_hits,10,max_hits,31542,total_hits,215705
Index construction...
Tree height: 6
Searching...
qnum_l_low: 4
correct,integer_kth_oracle
Searching...
qnum_l_low: 4
Searching...
qnum_l_low: 4
Searching...
qnum_l_low: 4
Searching...
qnum_l_low: 4
sample,0,94.144273
Searching...
qnum_l_low: 4
sample,1,103.870586
Searching...
qnum_l_low: 4
sample,2,106.474642
Searching...
qnum_l_low: 4
sample,3,104.270774
Searching...
qnum_l_low: 4
sample,4,104.110985
Searching...
qnum_l_low: 4
sample,5,104.263401
Searching...
qnum_l_low: 4
sample,6,95.283051
Searching...
qnum_l_low: 4
sample,7,104.836120
pass
