Loading query file...
contract,N,1000000,Q,32,k,10,r,300,covered,32,min_hits,10,max_hits,31542,total_hits,215705
Index construction...
Tree height: 6
Searching...
qnum_l_low: 4
correct,integer_kth_oracle
Searching...
qnum_l_low: 4
Searching...
qnum_l_low: 4
Searching...
qnum_l_low: 4
Searching...
qnum_l_low: 4
sample,0,104.746739
Searching...
qnum_l_low: 4
sample,1,95.325366
Searching...
qnum_l_low: 4
sample,2,104.599875
Searching...
qnum_l_low: 4
sample,3,107.840039
Searching...
qnum_l_low: 4
sample,4,104.745738
Searching...
qnum_l_low: 4
sample,5,105.422613
Searching...
qnum_l_low: 4
sample,6,104.273295
Searching...
qnum_l_low: 4
sample,7,95.880263
pass
