Loading query file...
contract,N,1000000,Q,32,k,10,r,300,covered,32,min_hits,10,max_hits,31542,total_hits,215705
Index construction...
Tree height: 6
Searching...
qnum_l_low: 4
correct,integer_kth_oracle
Searching...
qnum_l_low: 4
Searching...
qnum_l_low: 4
Searching...
qnum_l_low: 4
Searching...
qnum_l_low: 4
sample,0,98.800350
Searching...
qnum_l_low: 4
sample,1,103.310438
Searching...
qnum_l_low: 4
sample,2,105.208173
Searching...
qnum_l_low: 4
sample,3,104.322369
Searching...
qnum_l_low: 4
sample,4,105.937807
Searching...
qnum_l_low: 4
sample,5,105.809057
Searching...
qnum_l_low: 4
sample,6,103.852100
Searching...
qnum_l_low: 4
sample,7,105.111603
pass
