Loading query file...
Loading query file...
Index construction...
Tree height: 6
Searching...
qnum_l_low: 4
calibration,ms,99.263659,radius,250
contract,N,1000000,Q,32,k,10,r,250,covered,26,min_hits,1,max_hits,9743,total_hits,34539
Searching...
qnum_l_low: 5
correct,integer_kth_oracle,first_fallback,6
Searching...
qnum_l_low: 5
Searching...
qnum_l_low: 5
Searching...
qnum_l_low: 5
Searching...
qnum_l_low: 5
sample,0,86.991036,fallback,6
Searching...
qnum_l_low: 5
sample,1,85.743738,fallback,6
Searching...
qnum_l_low: 5
sample,2,85.712289,fallback,6
Searching...
qnum_l_low: 5
sample,3,86.583071,fallback,6
Searching...
qnum_l_low: 5
sample,4,81.780516,fallback,6
Searching...
qnum_l_low: 5
sample,5,85.254940,fallback,6
Searching...
qnum_l_low: 5
sample,6,88.796090,fallback,6
Searching...
qnum_l_low: 5
sample,7,87.500611,fallback,6
pass
