Loading query file...
Loading query file...
Index construction...
Tree height: 6
Searching...
qnum_l_low: 4
calibration,ms,58.990535,radius,292
contract,N,1000000,Q,32,k,10,r,292,covered,30,min_hits,5,max_hits,27195,total_hits,162775
Searching...
qnum_l_low: 2
correct,integer_kth_oracle,first_fallback,2
Searching...
qnum_l_low: 2
Searching...
qnum_l_low: 2
Searching...
qnum_l_low: 2
Searching...
qnum_l_low: 2
sample,0,46.482386,fallback,2
Searching...
qnum_l_low: 2
sample,1,46.483270,fallback,2
Searching...
qnum_l_low: 2
sample,2,39.727394,fallback,2
Searching...
qnum_l_low: 2
sample,3,39.753981,fallback,2
Searching...
qnum_l_low: 2
sample,4,46.497614,fallback,2
Searching...
qnum_l_low: 2
sample,5,46.509686,fallback,2
Searching...
qnum_l_low: 2
sample,6,39.744976,fallback,2
Searching...
qnum_l_low: 2
sample,7,39.775127,fallback,2
pass
