Loading query file...
Loading query file...
Index construction...
Tree height: 6
Searching...
qnum_l_low: 4
calibration,ms,58.699048,radius,292
contract,N,1000000,Q,32,k,10,r,292,covered,30,min_hits,5,max_hits,27195,total_hits,162775
Searching...
qnum_l_low: 2
correct,integer_kth_oracle,first_fallback,2
Searching...
qnum_l_low: 2
Searching...
qnum_l_low: 2
Searching...
qnum_l_low: 2
Searching...
qnum_l_low: 2
sample,0,46.470670,fallback,2
Searching...
qnum_l_low: 2
sample,1,39.857912,fallback,2
Searching...
qnum_l_low: 2
sample,2,46.670490,fallback,2
Searching...
qnum_l_low: 2
sample,3,39.774350,fallback,2
Searching...
qnum_l_low: 2
sample,4,46.679696,fallback,2
Searching...
qnum_l_low: 2
sample,5,39.842318,fallback,2
Searching...
qnum_l_low: 2
sample,6,46.712803,fallback,2
Searching...
qnum_l_low: 2
sample,7,39.785855,fallback,2
pass
