Loading query file...
contract,N,1000000,Q,32,k,10,r,292,covered,30,min_hits,5,max_hits,27195,total_hits,162775
Index construction...
Tree height: 6
Searching...
qnum_l_low: 4
correct,integer_kth_oracle
Searching...
qnum_l_low: 4
Searching...
qnum_l_low: 4
Searching...
qnum_l_low: 4
Searching...
qnum_l_low: 4
sample,0,54.751449
Searching...
qnum_l_low: 4
sample,1,49.033822
Searching...
qnum_l_low: 4
sample,2,49.122444
Searching...
qnum_l_low: 4
sample,3,55.612083
Searching...
qnum_l_low: 4
sample,4,54.692856
Searching...
qnum_l_low: 4
sample,5,49.051819
Searching...
qnum_l_low: 4
sample,6,49.056383
Searching...
qnum_l_low: 4
sample,7,55.755133
pass
