Loading query file...
contract,N,1000000,Q,32,k,10,r,292,covered,30,min_hits,5,max_hits,27195,total_hits,162775
Index construction...
Tree height: 6
Searching...
qnum_l_low: 4
correct,integer_kth_oracle
Searching...
qnum_l_low: 4
Searching...
qnum_l_low: 4
Searching...
qnum_l_low: 4
Searching...
qnum_l_low: 4
sample,0,53.844599
Searching...
qnum_l_low: 4
sample,1,49.197656
Searching...
qnum_l_low: 4
sample,2,49.174375
Searching...
qnum_l_low: 4
sample,3,56.773597
Searching...
qnum_l_low: 4
sample,4,54.957932
Searching...
qnum_l_low: 4
sample,5,49.112130
Searching...
qnum_l_low: 4
sample,6,49.167497
Searching...
qnum_l_low: 4
sample,7,56.749696
pass
