Loading query file...
Loading query file...
Index construction...
Tree height: 6
Searching...
qnum_l_low: 4
calibration,ms,58.801755,radius,250
contract,N,1000000,Q,32,k,10,r,250,covered,26,min_hits,1,max_hits,9743,total_hits,34539
Searching...
qnum_l_low: 5
correct,integer_kth_oracle,first_fallback,6
Searching...
qnum_l_low: 5
Searching...
qnum_l_low: 5
Searching...
qnum_l_low: 5
Searching...
qnum_l_low: 5
sample,0,48.131542,fallback,6
Searching...
qnum_l_low: 5
sample,1,48.491557,fallback,6
Searching...
qnum_l_low: 5
sample,2,41.542076,fallback,6
Searching...
qnum_l_low: 5
sample,3,41.575710,fallback,6
Searching...
qnum_l_low: 5
sample,4,48.121489,fallback,6
Searching...
qnum_l_low: 5
sample,5,48.236124,fallback,6
Searching...
qnum_l_low: 5
sample,6,41.539888,fallback,6
Searching...
qnum_l_low: 5
sample,7,41.530520,fallback,6
pass
