========= COMPUTE-SANITIZER
Loading query file...
Loading query file...
Index construction...
Tree height: 5
Searching...
qnum_l_low: 32
calibration,ms,343.815086,radius,1
contract,N,65536,Q,32,k,10,r,1,covered,0,min_hits,1,max_hits,1,total_hits,32
Searching...
qnum_l_low: 32
correct,integer_kth_oracle,first_fallback,32
Searching...
qnum_l_low: 32
Searching...
qnum_l_low: 32
Searching...
qnum_l_low: 32
Searching...
qnum_l_low: 32
sample,0,337.919045,fallback,32
Searching...
qnum_l_low: 32
sample,1,330.047707,fallback,32
Searching...
qnum_l_low: 32
sample,2,326.768314,fallback,32
Searching...
qnum_l_low: 32
sample,3,346.269919,fallback,32
Searching...
qnum_l_low: 32
sample,4,328.355724,fallback,32
Searching...
qnum_l_low: 32
sample,5,336.034394,fallback,32
Searching...
qnum_l_low: 32
sample,6,324.597638,fallback,32
Searching...
qnum_l_low: 32
sample,7,348.911592,fallback,32
pass
========= ERROR SUMMARY: 0 errors
