========= COMPUTE-SANITIZER
Loading query file...
Loading query file...
Index construction...
Tree height: 6
Searching...
qnum_l_low: 4
calibration,ms,3158.410696,radius,292
contract,N,1000000,Q,32,k,10,r,292,covered,30,min_hits,5,max_hits,27195,total_hits,162775
Searching...
qnum_l_low: 2
correct,integer_kth_oracle,first_fallback,2
Searching...
qnum_l_low: 2
Searching...
qnum_l_low: 2
Searching...
qnum_l_low: 2
Searching...
qnum_l_low: 2
sample,0,3934.903985,fallback,2
Searching...
qnum_l_low: 2
sample,1,3940.745061,fallback,2
Searching...
qnum_l_low: 2
sample,2,3934.439875,fallback,2
Searching...
qnum_l_low: 2
sample,3,3930.045291,fallback,2
Searching...
qnum_l_low: 2
sample,4,3926.316957,fallback,2
Searching...
qnum_l_low: 2
sample,5,3929.268516,fallback,2
Searching...
qnum_l_low: 2
sample,6,3698.206748,fallback,2
Searching...
qnum_l_low: 2
sample,7,3686.651805,fallback,2
pass
========= ERROR SUMMARY: 0 errors
